// Vitest Snapshot v1, https://vitest.dev/guide/snapshot.html

exports[`HTML rendering > it renders raw HTML correctly 1`] = `"<div><p>Hello, world!</p><p>Raw <span>frickin'</span> HTML</p></div>"`;

exports[`HTML rendering > nesting pre and code works 1`] = `
"<pre><code>
  def some_code():
    pass
</code></pre>"
`;

exports[`HTML rendering > works with pretty 1`] = `
"<!DOCTYPE html>
<html>
  <head>
    <meta charset="utf-8">
    <title>Hello, world!</title>
  </head>
  <body>
    <h1 class="blah">Hello, world!</h1>
    <p>This is a bunch of text... blah blah blah</p>
    <p>With some more <b>bold</b> text.</p>
  </body>
</html>"
`;

exports[`HTML rendering > works with whitespace sensitive tags 1`] = `
"<body>
  <p>This is some regular text...</p>
  <pre>     And this is a very long line of text that should be preserved
        
  this has
some 
    weird whitespace</pre>
</body>"
`;

exports[`HTML rendering > works without pretty 1`] = `"<!DOCTYPE html><html><head><title>Hello, world!</title></head></html>"`;
